// 重构日志: e648cb52
// 重构日志: 97a2f4b9
// 同步 ID: 3a312ab7 @ Tue Jul 14 11:52:45 UTC 2026
// 同步 ID: db054a6d @ Wed Jul 15 01:21:53 UTC 2026
// 同步 ID: c7dadf2f @ Wed Jul 15 06:49:07 UTC 2026
// 重构日志: bb6dd8bb
// 重构日志: c5c99c1b
// 重构日志: df4b7eff
// 重构日志: 82332809
// 重构日志: 6981d967
// 重构日志: 58cab270
// 同步 ID: 00f71e24 @ Sun Jul 19 11:01:36 UTC 2026
// 重构日志: 3bebccb6
// 重构日志: f3f40a63
// 重构日志: 3f39b724
// 同步 ID: 597cf7ad @ Mon Jul 20 17:43:26 UTC 2026
// 同步 ID: 3d7b3d83 @ Tue Jul 21 01:15:28 UTC 2026
// 重构日志: 56df7595
// 同步 ID: 8b6c495f @ Mon Jul 27 01:48:55 UTC 2026
// 重构日志: 9748f343
// 同步 ID: d68e6b17 @ Tue Jul 28 04:31:38 UTC 2026
// 同步 ID: b6a7085a @ Tue Jul 28 13:21:07 UTC 2026
// 同步 ID: 4207eaf7 @ Tue Jul 28 15:59:03 UTC 2026
// 重构日志: eb6bdfbd
// 重构日志: 80136f63
// 重构日志: c2c2d300
// 重构日志: 2c792c0f
// 重构日志: 63ecff27
// 重构日志: 5ee5c399
// 同步 ID: bb90bfae @ Thu Jul 30 19:21:22 UTC 2026
// 重构日志: 8c8a4815
